../ASM330/asm330lhh_reg.c:49:16:asm330lhh_read_reg	8	static
../ASM330/asm330lhh_reg.c:74:16:asm330lhh_write_reg	8	static
../ASM330/asm330lhh_reg.c:101:9:asm330lhh_from_fs2g_to_mg	8	static
../ASM330/asm330lhh_reg.c:106:9:asm330lhh_from_fs4g_to_mg	8	static
../ASM330/asm330lhh_reg.c:111:9:asm330lhh_from_fs8g_to_mg	8	static
../ASM330/asm330lhh_reg.c:116:9:asm330lhh_from_fs16g_to_mg	8	static
../ASM330/asm330lhh_reg.c:121:9:asm330lhh_from_fs125dps_to_mdps	8	static
../ASM330/asm330lhh_reg.c:126:9:asm330lhh_from_fs250dps_to_mdps	8	static
../ASM330/asm330lhh_reg.c:131:9:asm330lhh_from_fs500dps_to_mdps	8	static
../ASM330/asm330lhh_reg.c:136:9:asm330lhh_from_fs1000dps_to_mdps	8	static
../ASM330/asm330lhh_reg.c:141:9:asm330lhh_from_fs2000dps_to_mdps	8	static
../ASM330/asm330lhh_reg.c:146:9:asm330lhh_from_fs4000dps_to_mdps	8	static
../ASM330/asm330lhh_reg.c:151:9:asm330lhh_from_lsb_to_celsius	8	static
../ASM330/asm330lhh_reg.c:156:9:asm330lhh_from_lsb_to_nsec	8	static
../ASM330/asm330lhh_reg.c:182:9:asm330lhh_xl_full_scale_set	24	static
../ASM330/asm330lhh_reg.c:206:9:asm330lhh_xl_full_scale_get	24	static
../ASM330/asm330lhh_reg.c:242:9:asm330lhh_xl_data_rate_set	24	static
../ASM330/asm330lhh_reg.c:270:9:asm330lhh_xl_data_rate_get	24	static
../ASM330/asm330lhh_reg.c:327:9:asm330lhh_gy_full_scale_set	24	static
../ASM330/asm330lhh_reg.c:350:9:asm330lhh_gy_full_scale_get	24	static
../ASM330/asm330lhh_reg.c:392:9:asm330lhh_gy_data_rate_set	24	static
../ASM330/asm330lhh_reg.c:419:9:asm330lhh_gy_data_rate_get	24	static
../ASM330/asm330lhh_reg.c:476:9:asm330lhh_block_data_update_set	24	static
../ASM330/asm330lhh_reg.c:498:9:asm330lhh_block_data_update_get	24	static
../ASM330/asm330lhh_reg.c:518:9:asm330lhh_xl_offset_weight_set	24	static
../ASM330/asm330lhh_reg.c:542:9:asm330lhh_xl_offset_weight_get	24	static
../ASM330/asm330lhh_reg.c:575:9:asm330lhh_all_sources_get	16	static
../ASM330/asm330lhh_reg.c:609:9:asm330lhh_status_reg_get	8	static
../ASM330/asm330lhh_reg.c:625:9:asm330lhh_xl_flag_data_ready_get	24	static
../ASM330/asm330lhh_reg.c:645:9:asm330lhh_gy_flag_data_ready_get	24	static
../ASM330/asm330lhh_reg.c:665:9:asm330lhh_temp_flag_data_ready_get	24	static
../ASM330/asm330lhh_reg.c:687:9:asm330lhh_xl_usr_offset_x_set	8	static
../ASM330/asm330lhh_reg.c:704:9:asm330lhh_xl_usr_offset_x_get	8	static
../ASM330/asm330lhh_reg.c:721:9:asm330lhh_xl_usr_offset_y_set	8	static
../ASM330/asm330lhh_reg.c:738:9:asm330lhh_xl_usr_offset_y_get	8	static
../ASM330/asm330lhh_reg.c:755:9:asm330lhh_xl_usr_offset_z_set	8	static
../ASM330/asm330lhh_reg.c:772:9:asm330lhh_xl_usr_offset_z_get	8	static
../ASM330/asm330lhh_reg.c:787:9:asm330lhh_xl_usr_offset_set	24	static
../ASM330/asm330lhh_reg.c:809:9:asm330lhh_xl_usr_offset_get	24	static
../ASM330/asm330lhh_reg.c:840:9:asm330lhh_timestamp_rst	16	static
../ASM330/asm330lhh_reg.c:855:9:asm330lhh_timestamp_set	24	static
../ASM330/asm330lhh_reg.c:878:9:asm330lhh_timestamp_get	24	static
../ASM330/asm330lhh_reg.c:899:9:asm330lhh_timestamp_raw_get	24	static
../ASM330/asm330lhh_reg.c:933:9:asm330lhh_rounding_mode_set	24	static
../ASM330/asm330lhh_reg.c:956:9:asm330lhh_rounding_mode_get	24	static
../ASM330/asm330lhh_reg.c:994:9:asm330lhh_temperature_raw_get	16	static
../ASM330/asm330lhh_reg.c:1015:9:asm330lhh_angular_rate_raw_get	16	static
../ASM330/asm330lhh_reg.c:1040:9:asm330lhh_acceleration_raw_get	16	static
../ASM330/asm330lhh_reg.c:1064:9:asm330lhh_fifo_out_raw_get	8	static
../ASM330/asm330lhh_reg.c:1091:9:asm330lhh_device_conf_set	24	static
../ASM330/asm330lhh_reg.c:1117:9:asm330lhh_device_conf_get	24	static
../ASM330/asm330lhh_reg.c:1139:9:asm330lhh_odr_cal_reg_set	24	static
../ASM330/asm330lhh_reg.c:1165:9:asm330lhh_odr_cal_reg_get	24	static
../ASM330/asm330lhh_reg.c:1186:9:asm330lhh_data_ready_mode_set	24	static
../ASM330/asm330lhh_reg.c:1212:9:asm330lhh_data_ready_mode_get	24	static
../ASM330/asm330lhh_reg.c:1243:9:asm330lhh_device_id_get	8	static
../ASM330/asm330lhh_reg.c:1258:9:asm330lhh_reset_set	24	static
../ASM330/asm330lhh_reg.c:1280:9:asm330lhh_reset_get	24	static
../ASM330/asm330lhh_reg.c:1300:9:asm330lhh_auto_increment_set	24	static
../ASM330/asm330lhh_reg.c:1323:9:asm330lhh_auto_increment_get	24	static
../ASM330/asm330lhh_reg.c:1342:9:asm330lhh_boot_set	24	static
../ASM330/asm330lhh_reg.c:1364:9:asm330lhh_boot_get	24	static
../ASM330/asm330lhh_reg.c:1385:9:asm330lhh_xl_self_test_set	24	static
../ASM330/asm330lhh_reg.c:1408:9:asm330lhh_xl_self_test_get	24	static
../ASM330/asm330lhh_reg.c:1442:9:asm330lhh_gy_self_test_set	24	static
../ASM330/asm330lhh_reg.c:1465:9:asm330lhh_gy_self_test_get	24	static
../ASM330/asm330lhh_reg.c:1512:9:asm330lhh_xl_filter_lp2_set	24	static
../ASM330/asm330lhh_reg.c:1535:9:asm330lhh_xl_filter_lp2_get	24	static
../ASM330/asm330lhh_reg.c:1555:9:asm330lhh_gy_filter_lp1_set	24	static
../ASM330/asm330lhh_reg.c:1578:9:asm330lhh_gy_filter_lp1_get	24	static
../ASM330/asm330lhh_reg.c:1598:9:asm330lhh_filter_settling_mask_set	24	static
../ASM330/asm330lhh_reg.c:1621:9:asm330lhh_filter_settling_mask_get	24	static
../ASM330/asm330lhh_reg.c:1641:9:asm330lhh_gy_lp1_bandwidth_set	24	static
../ASM330/asm330lhh_reg.c:1664:9:asm330lhh_gy_lp1_bandwidth_get	24	static
../ASM330/asm330lhh_reg.c:1713:9:asm330lhh_xl_lp2_on_6d_set	24	static
../ASM330/asm330lhh_reg.c:1736:9:asm330lhh_xl_lp2_on_6d_get	24	static
../ASM330/asm330lhh_reg.c:1756:9:asm330lhh_xl_hp_path_on_out_set	24	static
../ASM330/asm330lhh_reg.c:1783:9:asm330lhh_xl_hp_path_on_out_get	24	static
../ASM330/asm330lhh_reg.c:1879:9:asm330lhh_xl_fast_settling_set	24	static
../ASM330/asm330lhh_reg.c:1904:9:asm330lhh_xl_fast_settling_get	24	static
../ASM330/asm330lhh_reg.c:1924:9:asm330lhh_xl_hp_path_internal_set	24	static
../ASM330/asm330lhh_reg.c:1949:9:asm330lhh_xl_hp_path_internal_get	24	static
../ASM330/asm330lhh_reg.c:1980:9:asm330lhh_gy_hp_path_internal_set	24	static
../ASM330/asm330lhh_reg.c:2005:9:asm330lhh_gy_hp_path_internal_get	24	static
../ASM330/asm330lhh_reg.c:2058:9:asm330lhh_sdo_sa0_mode_set	24	static
../ASM330/asm330lhh_reg.c:2081:9:asm330lhh_sdo_sa0_mode_get	24	static
../ASM330/asm330lhh_reg.c:2112:9:asm330lhh_spi_mode_set	24	static
../ASM330/asm330lhh_reg.c:2134:9:asm330lhh_spi_mode_get	24	static
../ASM330/asm330lhh_reg.c:2164:9:asm330lhh_i2c_interface_set	24	static
../ASM330/asm330lhh_reg.c:2187:9:asm330lhh_i2c_interface_get	24	static
../ASM330/asm330lhh_reg.c:2232:9:asm330lhh_pin_int1_route_set	24	static
../ASM330/asm330lhh_reg.c:2279:9:asm330lhh_pin_int1_route_get	16	static
../ASM330/asm330lhh_reg.c:2302:9:asm330lhh_pin_int2_route_set	24	static
../ASM330/asm330lhh_reg.c:2370:9:asm330lhh_pin_int2_route_get	16	static
../ASM330/asm330lhh_reg.c:2392:9:asm330lhh_pin_mode_set	24	static
../ASM330/asm330lhh_reg.c:2414:9:asm330lhh_pin_mode_get	24	static
../ASM330/asm330lhh_reg.c:2444:9:asm330lhh_pin_polarity_set	24	static
../ASM330/asm330lhh_reg.c:2467:9:asm330lhh_pin_polarity_get	24	static
../ASM330/asm330lhh_reg.c:2498:9:asm330lhh_all_on_int1_set	24	static
../ASM330/asm330lhh_reg.c:2520:9:asm330lhh_all_on_int1_get	24	static
../ASM330/asm330lhh_reg.c:2539:9:asm330lhh_int_notification_set	24	static
../ASM330/asm330lhh_reg.c:2564:9:asm330lhh_int_notification_get	24	static
../ASM330/asm330lhh_reg.c:2617:9:asm330lhh_wkup_ths_weight_set	24	static
../ASM330/asm330lhh_reg.c:2644:9:asm330lhh_wkup_ths_weight_get	24	static
../ASM330/asm330lhh_reg.c:2677:9:asm330lhh_wkup_threshold_set	24	static
../ASM330/asm330lhh_reg.c:2702:9:asm330lhh_wkup_threshold_get	24	static
../ASM330/asm330lhh_reg.c:2722:9:asm330lhh_xl_usr_offset_on_wkup_set	24	static
../ASM330/asm330lhh_reg.c:2746:9:asm330lhh_xl_usr_offset_on_wkup_get	24	static
../ASM330/asm330lhh_reg.c:2767:9:asm330lhh_wkup_dur_set	24	static
../ASM330/asm330lhh_reg.c:2791:9:asm330lhh_wkup_dur_get	24	static
../ASM330/asm330lhh_reg.c:2824:9:asm330lhh_gy_sleep_mode_set	24	static
../ASM330/asm330lhh_reg.c:2846:9:asm330lhh_gy_sleep_mode_get	24	static
../ASM330/asm330lhh_reg.c:2867:9:asm330lhh_act_pin_notification_set	24	static
../ASM330/asm330lhh_reg.c:2893:9:asm330lhh_act_pin_notification_get	24	static
../ASM330/asm330lhh_reg.c:2923:9:asm330lhh_act_mode_set	24	static
../ASM330/asm330lhh_reg.c:2945:9:asm330lhh_act_mode_get	24	static
../ASM330/asm330lhh_reg.c:2982:9:asm330lhh_act_sleep_dur_set	24	static
../ASM330/asm330lhh_reg.c:3006:9:asm330lhh_act_sleep_dur_get	24	static
../ASM330/asm330lhh_reg.c:3039:9:asm330lhh_6d_threshold_set	24	static
../ASM330/asm330lhh_reg.c:3064:9:asm330lhh_6d_threshold_get	24	static
../ASM330/asm330lhh_reg.c:3102:9:asm330lhh_4d_mode_set	24	static
../ASM330/asm330lhh_reg.c:3126:9:asm330lhh_4d_mode_get	24	static
../ASM330/asm330lhh_reg.c:3159:9:asm330lhh_ff_threshold_set	24	static
../ASM330/asm330lhh_reg.c:3183:9:asm330lhh_ff_threshold_get	24	static
../ASM330/asm330lhh_reg.c:3232:9:asm330lhh_ff_dur_set	24	static
../ASM330/asm330lhh_reg.c:3268:9:asm330lhh_ff_dur_get	24	static
../ASM330/asm330lhh_reg.c:3308:9:asm330lhh_fifo_watermark_set	32	static
../ASM330/asm330lhh_reg.c:3336:9:asm330lhh_fifo_watermark_get	24	static
../ASM330/asm330lhh_reg.c:3362:9:asm330lhh_fifo_virtual_sens_odr_chg_set	24	static
../ASM330/asm330lhh_reg.c:3388:9:asm330lhh_fifo_virtual_sens_odr_chg_get	24	static
../ASM330/asm330lhh_reg.c:3410:9:asm330lhh_fifo_stop_on_wtm_set	24	static
../ASM330/asm330lhh_reg.c:3435:9:asm330lhh_fifo_stop_on_wtm_get	24	static
../ASM330/asm330lhh_reg.c:3456:9:asm330lhh_fifo_xl_batch_set	24	static
../ASM330/asm330lhh_reg.c:3482:9:asm330lhh_fifo_xl_batch_get	24	static
../ASM330/asm330lhh_reg.c:3542:9:asm330lhh_fifo_gy_batch_set	24	static
../ASM330/asm330lhh_reg.c:3568:9:asm330lhh_fifo_gy_batch_get	24	static
../ASM330/asm330lhh_reg.c:3630:9:asm330lhh_fifo_mode_set	24	static
../ASM330/asm330lhh_reg.c:3655:9:asm330lhh_fifo_mode_get	24	static
../ASM330/asm330lhh_reg.c:3700:9:asm330lhh_fifo_temp_batch_set	24	static
../ASM330/asm330lhh_reg.c:3726:9:asm330lhh_fifo_temp_batch_get	24	static
../ASM330/asm330lhh_reg.c:3766:9:asm330lhh_fifo_timestamp_decimation_set	24	static
../ASM330/asm330lhh_reg.c:3794:9:asm330lhh_fifo_timestamp_decimation_get	24	static
../ASM330/asm330lhh_reg.c:3834:9:asm330lhh_fifo_cnt_event_batch_set	24	static
../ASM330/asm330lhh_reg.c:3861:9:asm330lhh_fifo_cnt_event_batch_get	24	static
../ASM330/asm330lhh_reg.c:3894:9:asm330lhh_rst_batch_counter_set	24	static
../ASM330/asm330lhh_reg.c:3919:9:asm330lhh_rst_batch_counter_get	24	static
../ASM330/asm330lhh_reg.c:3940:9:asm330lhh_batch_counter_threshold_set	24	static
../ASM330/asm330lhh_reg.c:3972:9:asm330lhh_batch_counter_threshold_get	24	static
../ASM330/asm330lhh_reg.c:4000:9:asm330lhh_fifo_data_level_get	16	static
../ASM330/asm330lhh_reg.c:4026:9:asm330lhh_fifo_status_get	24	static
../ASM330/asm330lhh_reg.c:4051:9:asm330lhh_fifo_full_flag_get	24	static
../ASM330/asm330lhh_reg.c:4076:9:asm330lhh_fifo_ovr_flag_get	24	static
../ASM330/asm330lhh_reg.c:4100:9:asm330lhh_fifo_wtm_flag_get	24	static
../ASM330/asm330lhh_reg.c:4124:9:asm330lhh_fifo_sensor_tag_get	24	static
../ASM330/asm330lhh_reg.c:4178:9:asm330lhh_den_mode_set	24	static
../ASM330/asm330lhh_reg.c:4200:9:asm330lhh_den_mode_get	24	static
../ASM330/asm330lhh_reg.c:4240:9:asm330lhh_den_polarity_set	24	static
../ASM330/asm330lhh_reg.c:4264:9:asm330lhh_den_polarity_get	24	static
../ASM330/asm330lhh_reg.c:4295:9:asm330lhh_den_enable_set	24	static
../ASM330/asm330lhh_reg.c:4319:9:asm330lhh_den_enable_get	24	static
../ASM330/asm330lhh_reg.c:4353:9:asm330lhh_den_mark_axis_x_set	24	static
../ASM330/asm330lhh_reg.c:4376:9:asm330lhh_den_mark_axis_x_get	24	static
../ASM330/asm330lhh_reg.c:4395:9:asm330lhh_den_mark_axis_y_set	24	static
../ASM330/asm330lhh_reg.c:4418:9:asm330lhh_den_mark_axis_y_get	24	static
../ASM330/asm330lhh_reg.c:4437:9:asm330lhh_den_mark_axis_z_set	24	static
../ASM330/asm330lhh_reg.c:4459:9:asm330lhh_den_mark_axis_z_get	24	static
