../Drivers/BSP/Components/asm330lhh/asm330lhh.c:269:9:ASM330LHH_GetCapabilities	0	static
../Drivers/BSP/Components/asm330lhh/asm330lhh.c:1107:16:ReadRegWrap	8	static
../Drivers/BSP/Components/asm330lhh/asm330lhh.c:1122:16:WriteRegWrap	8	static
../Drivers/BSP/Components/asm330lhh/asm330lhh.c:292:9:ASM330LHH_ACC_Enable	8	static
../Drivers/BSP/Components/asm330lhh/asm330lhh.c:462:9:ASM330LHH_ACC_SetOutputDataRate	16	static
../Drivers/BSP/Components/asm330lhh/asm330lhh.c:524:9:ASM330LHH_ACC_SetFullScale	8	static
../Drivers/BSP/Components/asm330lhh/asm330lhh.c:603:9:ASM330LHH_GYRO_Enable	8	static
../Drivers/BSP/Components/asm330lhh/asm330lhh.c:777:9:ASM330LHH_GYRO_SetOutputDataRate	16	static
../Drivers/BSP/Components/asm330lhh/asm330lhh.c:158:9:ASM330LHH_Init	16	static
../Drivers/BSP/Components/asm330lhh/asm330lhh.c:847:9:ASM330LHH_GYRO_SetFullScale	8	static
../Drivers/BSP/Components/asm330lhh/asm330lhh.c:253:9:ASM330LHH_ReadID	8	static
../Drivers/BSP/Components/asm330lhh/asm330lhh.c:316:9:ASM330LHH_ACC_Disable	16	static
../Drivers/BSP/Components/asm330lhh/asm330lhh.c:391:9:ASM330LHH_ACC_GetOutputDataRate	24	static
../Drivers/BSP/Components/asm330lhh/asm330lhh.c:347:9:ASM330LHH_ACC_GetSensitivity	24	static
../Drivers/BSP/Components/asm330lhh/asm330lhh.c:481:9:ASM330LHH_ACC_GetFullScale	24	static
../Drivers/BSP/Components/asm330lhh/asm330lhh.c:549:9:ASM330LHH_ACC_GetAxesRaw	16	static
../Drivers/BSP/Components/asm330lhh/asm330lhh.c:573:9:ASM330LHH_ACC_GetAxes	40	static
../Drivers/BSP/Components/asm330lhh/asm330lhh.c:627:9:ASM330LHH_GYRO_Disable	16	static
../Drivers/BSP/Components/asm330lhh/asm330lhh.c:225:9:ASM330LHH_DeInit	8	static
../Drivers/BSP/Components/asm330lhh/asm330lhh.c:706:9:ASM330LHH_GYRO_GetOutputDataRate	24	static
../Drivers/BSP/Components/asm330lhh/asm330lhh.c:658:9:ASM330LHH_GYRO_GetSensitivity	24	static
../Drivers/BSP/Components/asm330lhh/asm330lhh.c:796:9:ASM330LHH_GYRO_GetFullScale	24	static
../Drivers/BSP/Components/asm330lhh/asm330lhh.c:872:9:ASM330LHH_GYRO_GetAxesRaw	16	static
../Drivers/BSP/Components/asm330lhh/asm330lhh.c:896:9:ASM330LHH_GYRO_GetAxes	40	static
../Drivers/BSP/Components/asm330lhh/asm330lhh.c:928:9:ASM330LHH_Read_Reg	8	static
../Drivers/BSP/Components/asm330lhh/asm330lhh.c:945:9:ASM330LHH_Write_Reg	16	static
../Drivers/BSP/Components/asm330lhh/asm330lhh.c:100:9:ASM330LHH_RegisterBusIO	8	static
../Drivers/BSP/Components/asm330lhh/asm330lhh.c:961:9:ASM330LHH_ACC_Get_DRDY_Status	8	static
../Drivers/BSP/Components/asm330lhh/asm330lhh.c:977:9:ASM330LHH_GYRO_Get_DRDY_Status	8	static
