../Drivers/BSP/Components/asm330lhh/asm330lhh_reg.c:48:16:asm330lhh_read_reg	40	static
../Drivers/BSP/Components/asm330lhh/asm330lhh_reg.c:71:16:asm330lhh_write_reg	40	static
../Drivers/BSP/Components/asm330lhh/asm330lhh_reg.c:96:9:asm330lhh_from_fs2g_to_mg	16	static
../Drivers/BSP/Components/asm330lhh/asm330lhh_reg.c:101:9:asm330lhh_from_fs4g_to_mg	16	static
../Drivers/BSP/Components/asm330lhh/asm330lhh_reg.c:106:9:asm330lhh_from_fs8g_to_mg	16	static
../Drivers/BSP/Components/asm330lhh/asm330lhh_reg.c:111:9:asm330lhh_from_fs16g_to_mg	16	static
../Drivers/BSP/Components/asm330lhh/asm330lhh_reg.c:116:9:asm330lhh_from_fs125dps_to_mdps	16	static
../Drivers/BSP/Components/asm330lhh/asm330lhh_reg.c:121:9:asm330lhh_from_fs250dps_to_mdps	16	static
../Drivers/BSP/Components/asm330lhh/asm330lhh_reg.c:126:9:asm330lhh_from_fs500dps_to_mdps	16	static
../Drivers/BSP/Components/asm330lhh/asm330lhh_reg.c:131:9:asm330lhh_from_fs1000dps_to_mdps	16	static
../Drivers/BSP/Components/asm330lhh/asm330lhh_reg.c:136:9:asm330lhh_from_fs2000dps_to_mdps	16	static
../Drivers/BSP/Components/asm330lhh/asm330lhh_reg.c:141:9:asm330lhh_from_fs4000dps_to_mdps	16	static
../Drivers/BSP/Components/asm330lhh/asm330lhh_reg.c:146:9:asm330lhh_from_lsb_to_celsius	16	static
../Drivers/BSP/Components/asm330lhh/asm330lhh_reg.c:151:9:asm330lhh_from_lsb_to_nsec	16	static
../Drivers/BSP/Components/asm330lhh/asm330lhh_reg.c:177:9:asm330lhh_xl_full_scale_set	32	static
../Drivers/BSP/Components/asm330lhh/asm330lhh_reg.c:204:9:asm330lhh_xl_full_scale_get	32	static
../Drivers/BSP/Components/asm330lhh/asm330lhh_reg.c:247:9:asm330lhh_xl_data_rate_set	32	static
../Drivers/BSP/Components/asm330lhh/asm330lhh_reg.c:274:9:asm330lhh_xl_data_rate_get	32	static
../Drivers/BSP/Components/asm330lhh/asm330lhh_reg.c:345:9:asm330lhh_gy_full_scale_set	32	static
../Drivers/BSP/Components/asm330lhh/asm330lhh_reg.c:370:9:asm330lhh_gy_full_scale_get	32	static
../Drivers/BSP/Components/asm330lhh/asm330lhh_reg.c:420:9:asm330lhh_gy_data_rate_set	32	static
../Drivers/BSP/Components/asm330lhh/asm330lhh_reg.c:445:9:asm330lhh_gy_data_rate_get	32	static
../Drivers/BSP/Components/asm330lhh/asm330lhh_reg.c:515:9:asm330lhh_block_data_update_set	32	static
../Drivers/BSP/Components/asm330lhh/asm330lhh_reg.c:540:9:asm330lhh_block_data_update_get	32	static
../Drivers/BSP/Components/asm330lhh/asm330lhh_reg.c:561:9:asm330lhh_xl_offset_weight_set	32	static
../Drivers/BSP/Components/asm330lhh/asm330lhh_reg.c:587:9:asm330lhh_xl_offset_weight_get	32	static
../Drivers/BSP/Components/asm330lhh/asm330lhh_reg.c:623:9:asm330lhh_all_sources_get	24	static
../Drivers/BSP/Components/asm330lhh/asm330lhh_reg.c:660:9:asm330lhh_status_reg_get	24	static
../Drivers/BSP/Components/asm330lhh/asm330lhh_reg.c:678:9:asm330lhh_xl_flag_data_ready_get	32	static
../Drivers/BSP/Components/asm330lhh/asm330lhh_reg.c:699:9:asm330lhh_gy_flag_data_ready_get	32	static
../Drivers/BSP/Components/asm330lhh/asm330lhh_reg.c:720:9:asm330lhh_temp_flag_data_ready_get	32	static
../Drivers/BSP/Components/asm330lhh/asm330lhh_reg.c:743:9:asm330lhh_xl_usr_offset_x_set	24	static
../Drivers/BSP/Components/asm330lhh/asm330lhh_reg.c:763:9:asm330lhh_xl_usr_offset_x_get	24	static
../Drivers/BSP/Components/asm330lhh/asm330lhh_reg.c:783:9:asm330lhh_xl_usr_offset_y_set	24	static
../Drivers/BSP/Components/asm330lhh/asm330lhh_reg.c:803:9:asm330lhh_xl_usr_offset_y_get	24	static
../Drivers/BSP/Components/asm330lhh/asm330lhh_reg.c:823:9:asm330lhh_xl_usr_offset_z_set	24	static
../Drivers/BSP/Components/asm330lhh/asm330lhh_reg.c:843:9:asm330lhh_xl_usr_offset_z_get	24	static
../Drivers/BSP/Components/asm330lhh/asm330lhh_reg.c:861:9:asm330lhh_xl_usr_offset_set	32	static
../Drivers/BSP/Components/asm330lhh/asm330lhh_reg.c:885:9:asm330lhh_xl_usr_offset_get	32	static
../Drivers/BSP/Components/asm330lhh/asm330lhh_reg.c:916:9:asm330lhh_timestamp_rst	24	static
../Drivers/BSP/Components/asm330lhh/asm330lhh_reg.c:930:9:asm330lhh_timestamp_set	32	static
../Drivers/BSP/Components/asm330lhh/asm330lhh_reg.c:956:9:asm330lhh_timestamp_get	32	static
../Drivers/BSP/Components/asm330lhh/asm330lhh_reg.c:978:9:asm330lhh_timestamp_raw_get	32	static
../Drivers/BSP/Components/asm330lhh/asm330lhh_reg.c:1012:9:asm330lhh_rounding_mode_set	32	static
../Drivers/BSP/Components/asm330lhh/asm330lhh_reg.c:1037:9:asm330lhh_rounding_mode_get	32	static
../Drivers/BSP/Components/asm330lhh/asm330lhh_reg.c:1081:9:asm330lhh_temperature_raw_get	32	static
../Drivers/BSP/Components/asm330lhh/asm330lhh_reg.c:1102:9:asm330lhh_angular_rate_raw_get	40	static
../Drivers/BSP/Components/asm330lhh/asm330lhh_reg.c:1128:9:asm330lhh_acceleration_raw_get	40	static
../Drivers/BSP/Components/asm330lhh/asm330lhh_reg.c:1153:9:asm330lhh_fifo_out_raw_get	24	static
../Drivers/BSP/Components/asm330lhh/asm330lhh_reg.c:1182:9:asm330lhh_device_conf_set	32	static
../Drivers/BSP/Components/asm330lhh/asm330lhh_reg.c:1208:9:asm330lhh_device_conf_get	32	static
../Drivers/BSP/Components/asm330lhh/asm330lhh_reg.c:1230:9:asm330lhh_odr_cal_reg_set	32	static
../Drivers/BSP/Components/asm330lhh/asm330lhh_reg.c:1258:9:asm330lhh_odr_cal_reg_get	32	static
../Drivers/BSP/Components/asm330lhh/asm330lhh_reg.c:1279:9:asm330lhh_data_ready_mode_set	32	static
../Drivers/BSP/Components/asm330lhh/asm330lhh_reg.c:1307:9:asm330lhh_data_ready_mode_get	32	static
../Drivers/BSP/Components/asm330lhh/asm330lhh_reg.c:1342:9:asm330lhh_device_id_get	24	static
../Drivers/BSP/Components/asm330lhh/asm330lhh_reg.c:1359:9:asm330lhh_reset_set	32	static
../Drivers/BSP/Components/asm330lhh/asm330lhh_reg.c:1383:9:asm330lhh_reset_get	32	static
../Drivers/BSP/Components/asm330lhh/asm330lhh_reg.c:1403:9:asm330lhh_auto_increment_set	32	static
../Drivers/BSP/Components/asm330lhh/asm330lhh_reg.c:1428:9:asm330lhh_auto_increment_get	32	static
../Drivers/BSP/Components/asm330lhh/asm330lhh_reg.c:1447:9:asm330lhh_boot_set	32	static
../Drivers/BSP/Components/asm330lhh/asm330lhh_reg.c:1471:9:asm330lhh_boot_get	32	static
../Drivers/BSP/Components/asm330lhh/asm330lhh_reg.c:1492:9:asm330lhh_xl_self_test_set	32	static
../Drivers/BSP/Components/asm330lhh/asm330lhh_reg.c:1517:9:asm330lhh_xl_self_test_get	32	static
../Drivers/BSP/Components/asm330lhh/asm330lhh_reg.c:1555:9:asm330lhh_gy_self_test_set	32	static
../Drivers/BSP/Components/asm330lhh/asm330lhh_reg.c:1580:9:asm330lhh_gy_self_test_get	32	static
../Drivers/BSP/Components/asm330lhh/asm330lhh_reg.c:1631:9:asm330lhh_xl_filter_lp2_set	32	static
../Drivers/BSP/Components/asm330lhh/asm330lhh_reg.c:1657:9:asm330lhh_xl_filter_lp2_get	32	static
../Drivers/BSP/Components/asm330lhh/asm330lhh_reg.c:1678:9:asm330lhh_gy_filter_lp1_set	32	static
../Drivers/BSP/Components/asm330lhh/asm330lhh_reg.c:1703:9:asm330lhh_gy_filter_lp1_get	32	static
../Drivers/BSP/Components/asm330lhh/asm330lhh_reg.c:1723:9:asm330lhh_filter_settling_mask_set	32	static
../Drivers/BSP/Components/asm330lhh/asm330lhh_reg.c:1749:9:asm330lhh_filter_settling_mask_get	32	static
../Drivers/BSP/Components/asm330lhh/asm330lhh_reg.c:1769:9:asm330lhh_gy_lp1_bandwidth_set	32	static
../Drivers/BSP/Components/asm330lhh/asm330lhh_reg.c:1794:9:asm330lhh_gy_lp1_bandwidth_get	32	static
../Drivers/BSP/Components/asm330lhh/asm330lhh_reg.c:1852:9:asm330lhh_xl_lp2_on_6d_set	32	static
../Drivers/BSP/Components/asm330lhh/asm330lhh_reg.c:1878:9:asm330lhh_xl_lp2_on_6d_get	32	static
../Drivers/BSP/Components/asm330lhh/asm330lhh_reg.c:1899:9:asm330lhh_xl_hp_path_on_out_set	32	static
../Drivers/BSP/Components/asm330lhh/asm330lhh_reg.c:1929:9:asm330lhh_xl_hp_path_on_out_get	32	static
../Drivers/BSP/Components/asm330lhh/asm330lhh_reg.c:2052:9:asm330lhh_xl_fast_settling_set	32	static
../Drivers/BSP/Components/asm330lhh/asm330lhh_reg.c:2080:9:asm330lhh_xl_fast_settling_get	32	static
../Drivers/BSP/Components/asm330lhh/asm330lhh_reg.c:2102:9:asm330lhh_xl_hp_path_internal_set	32	static
../Drivers/BSP/Components/asm330lhh/asm330lhh_reg.c:2130:9:asm330lhh_xl_hp_path_internal_get	32	static
../Drivers/BSP/Components/asm330lhh/asm330lhh_reg.c:2166:9:asm330lhh_gy_hp_path_internal_set	32	static
../Drivers/BSP/Components/asm330lhh/asm330lhh_reg.c:2193:9:asm330lhh_gy_hp_path_internal_get	32	static
../Drivers/BSP/Components/asm330lhh/asm330lhh_reg.c:2252:9:asm330lhh_sdo_sa0_mode_set	32	static
../Drivers/BSP/Components/asm330lhh/asm330lhh_reg.c:2279:9:asm330lhh_sdo_sa0_mode_get	32	static
../Drivers/BSP/Components/asm330lhh/asm330lhh_reg.c:2314:9:asm330lhh_spi_mode_set	32	static
../Drivers/BSP/Components/asm330lhh/asm330lhh_reg.c:2338:9:asm330lhh_spi_mode_get	32	static
../Drivers/BSP/Components/asm330lhh/asm330lhh_reg.c:2372:9:asm330lhh_i2c_interface_set	32	static
../Drivers/BSP/Components/asm330lhh/asm330lhh_reg.c:2397:9:asm330lhh_i2c_interface_get	32	static
../Drivers/BSP/Components/asm330lhh/asm330lhh_reg.c:2445:9:asm330lhh_pin_int1_route_set	32	static
../Drivers/BSP/Components/asm330lhh/asm330lhh_reg.c:2505:9:asm330lhh_pin_int1_route_get	24	static
../Drivers/BSP/Components/asm330lhh/asm330lhh_reg.c:2531:9:asm330lhh_pin_int2_route_set	24	static
../Drivers/BSP/Components/asm330lhh/asm330lhh_reg.c:2590:9:asm330lhh_pin_int2_route_get	24	static
../Drivers/BSP/Components/asm330lhh/asm330lhh_reg.c:2615:9:asm330lhh_pin_mode_set	32	static
../Drivers/BSP/Components/asm330lhh/asm330lhh_reg.c:2640:9:asm330lhh_pin_mode_get	32	static
../Drivers/BSP/Components/asm330lhh/asm330lhh_reg.c:2674:9:asm330lhh_pin_polarity_set	32	static
../Drivers/BSP/Components/asm330lhh/asm330lhh_reg.c:2699:9:asm330lhh_pin_polarity_get	32	static
../Drivers/BSP/Components/asm330lhh/asm330lhh_reg.c:2733:9:asm330lhh_all_on_int1_set	32	static
../Drivers/BSP/Components/asm330lhh/asm330lhh_reg.c:2757:9:asm330lhh_all_on_int1_get	32	static
../Drivers/BSP/Components/asm330lhh/asm330lhh_reg.c:2776:9:asm330lhh_int_notification_set	32	static
../Drivers/BSP/Components/asm330lhh/asm330lhh_reg.c:2804:9:asm330lhh_int_notification_get	32	static
../Drivers/BSP/Components/asm330lhh/asm330lhh_reg.c:2855:9:asm330lhh_wkup_ths_weight_set	32	static
../Drivers/BSP/Components/asm330lhh/asm330lhh_reg.c:2884:9:asm330lhh_wkup_ths_weight_get	32	static
../Drivers/BSP/Components/asm330lhh/asm330lhh_reg.c:2920:9:asm330lhh_wkup_threshold_set	32	static
../Drivers/BSP/Components/asm330lhh/asm330lhh_reg.c:2947:9:asm330lhh_wkup_threshold_get	32	static
../Drivers/BSP/Components/asm330lhh/asm330lhh_reg.c:2967:9:asm330lhh_xl_usr_offset_on_wkup_set	32	static
../Drivers/BSP/Components/asm330lhh/asm330lhh_reg.c:2994:9:asm330lhh_xl_usr_offset_on_wkup_get	32	static
../Drivers/BSP/Components/asm330lhh/asm330lhh_reg.c:3015:9:asm330lhh_wkup_dur_set	32	static
../Drivers/BSP/Components/asm330lhh/asm330lhh_reg.c:3041:9:asm330lhh_wkup_dur_get	32	static
../Drivers/BSP/Components/asm330lhh/asm330lhh_reg.c:3074:9:asm330lhh_gy_sleep_mode_set	32	static
../Drivers/BSP/Components/asm330lhh/asm330lhh_reg.c:3098:9:asm330lhh_gy_sleep_mode_get	32	static
../Drivers/BSP/Components/asm330lhh/asm330lhh_reg.c:3119:9:asm330lhh_act_pin_notification_set	32	static
../Drivers/BSP/Components/asm330lhh/asm330lhh_reg.c:3148:9:asm330lhh_act_pin_notification_get	32	static
../Drivers/BSP/Components/asm330lhh/asm330lhh_reg.c:3183:9:asm330lhh_act_mode_set	32	static
../Drivers/BSP/Components/asm330lhh/asm330lhh_reg.c:3210:9:asm330lhh_act_mode_get	32	static
../Drivers/BSP/Components/asm330lhh/asm330lhh_reg.c:3253:9:asm330lhh_act_sleep_dur_set	32	static
../Drivers/BSP/Components/asm330lhh/asm330lhh_reg.c:3279:9:asm330lhh_act_sleep_dur_get	32	static
../Drivers/BSP/Components/asm330lhh/asm330lhh_reg.c:3312:9:asm330lhh_6d_threshold_set	32	static
../Drivers/BSP/Components/asm330lhh/asm330lhh_reg.c:3339:9:asm330lhh_6d_threshold_get	32	static
../Drivers/BSP/Components/asm330lhh/asm330lhh_reg.c:3382:9:asm330lhh_4d_mode_set	32	static
../Drivers/BSP/Components/asm330lhh/asm330lhh_reg.c:3408:9:asm330lhh_4d_mode_get	32	static
../Drivers/BSP/Components/asm330lhh/asm330lhh_reg.c:3441:9:asm330lhh_ff_threshold_set	32	static
../Drivers/BSP/Components/asm330lhh/asm330lhh_reg.c:3468:9:asm330lhh_ff_threshold_get	32	static
../Drivers/BSP/Components/asm330lhh/asm330lhh_reg.c:3527:9:asm330lhh_ff_dur_set	40	static
../Drivers/BSP/Components/asm330lhh/asm330lhh_reg.c:3567:9:asm330lhh_ff_dur_get	32	static
../Drivers/BSP/Components/asm330lhh/asm330lhh_reg.c:3608:9:asm330lhh_fifo_watermark_set	40	static
../Drivers/BSP/Components/asm330lhh/asm330lhh_reg.c:3642:9:asm330lhh_fifo_watermark_get	32	static
../Drivers/BSP/Components/asm330lhh/asm330lhh_reg.c:3670:9:asm330lhh_fifo_virtual_sens_odr_chg_set	32	static
../Drivers/BSP/Components/asm330lhh/asm330lhh_reg.c:3697:9:asm330lhh_fifo_virtual_sens_odr_chg_get	32	static
../Drivers/BSP/Components/asm330lhh/asm330lhh_reg.c:3719:9:asm330lhh_fifo_stop_on_wtm_set	32	static
../Drivers/BSP/Components/asm330lhh/asm330lhh_reg.c:3746:9:asm330lhh_fifo_stop_on_wtm_get	32	static
../Drivers/BSP/Components/asm330lhh/asm330lhh_reg.c:3768:9:asm330lhh_fifo_xl_batch_set	32	static
../Drivers/BSP/Components/asm330lhh/asm330lhh_reg.c:3796:9:asm330lhh_fifo_xl_batch_get	32	static
../Drivers/BSP/Components/asm330lhh/asm330lhh_reg.c:3872:9:asm330lhh_fifo_gy_batch_set	32	static
../Drivers/BSP/Components/asm330lhh/asm330lhh_reg.c:3900:9:asm330lhh_fifo_gy_batch_get	32	static
../Drivers/BSP/Components/asm330lhh/asm330lhh_reg.c:3975:9:asm330lhh_fifo_mode_set	32	static
../Drivers/BSP/Components/asm330lhh/asm330lhh_reg.c:4002:9:asm330lhh_fifo_mode_get	32	static
../Drivers/BSP/Components/asm330lhh/asm330lhh_reg.c:4054:9:asm330lhh_fifo_temp_batch_set	32	static
../Drivers/BSP/Components/asm330lhh/asm330lhh_reg.c:4082:9:asm330lhh_fifo_temp_batch_get	32	static
../Drivers/BSP/Components/asm330lhh/asm330lhh_reg.c:4127:9:asm330lhh_fifo_timestamp_decimation_set	32	static
../Drivers/BSP/Components/asm330lhh/asm330lhh_reg.c:4157:9:asm330lhh_fifo_timestamp_decimation_get	32	static
../Drivers/BSP/Components/asm330lhh/asm330lhh_reg.c:4202:9:asm330lhh_fifo_cnt_event_batch_set	32	static
../Drivers/BSP/Components/asm330lhh/asm330lhh_reg.c:4231:9:asm330lhh_fifo_cnt_event_batch_get	32	static
../Drivers/BSP/Components/asm330lhh/asm330lhh_reg.c:4267:9:asm330lhh_rst_batch_counter_set	32	static
../Drivers/BSP/Components/asm330lhh/asm330lhh_reg.c:4295:9:asm330lhh_rst_batch_counter_get	32	static
../Drivers/BSP/Components/asm330lhh/asm330lhh_reg.c:4317:9:asm330lhh_batch_counter_threshold_set	40	static
../Drivers/BSP/Components/asm330lhh/asm330lhh_reg.c:4354:9:asm330lhh_batch_counter_threshold_get	32	static
../Drivers/BSP/Components/asm330lhh/asm330lhh_reg.c:4384:9:asm330lhh_fifo_data_level_get	40	static
../Drivers/BSP/Components/asm330lhh/asm330lhh_reg.c:4413:9:asm330lhh_fifo_status_get	24	static
../Drivers/BSP/Components/asm330lhh/asm330lhh_reg.c:4431:9:asm330lhh_fifo_full_flag_get	32	static
../Drivers/BSP/Components/asm330lhh/asm330lhh_reg.c:4452:9:asm330lhh_fifo_ovr_flag_get	32	static
../Drivers/BSP/Components/asm330lhh/asm330lhh_reg.c:4472:9:asm330lhh_fifo_wtm_flag_get	32	static
../Drivers/BSP/Components/asm330lhh/asm330lhh_reg.c:4492:9:asm330lhh_fifo_sensor_tag_get	32	static
../Drivers/BSP/Components/asm330lhh/asm330lhh_reg.c:4552:9:asm330lhh_den_mode_set	32	static
../Drivers/BSP/Components/asm330lhh/asm330lhh_reg.c:4577:9:asm330lhh_den_mode_get	32	static
../Drivers/BSP/Components/asm330lhh/asm330lhh_reg.c:4623:9:asm330lhh_den_polarity_set	32	static
../Drivers/BSP/Components/asm330lhh/asm330lhh_reg.c:4650:9:asm330lhh_den_polarity_get	32	static
../Drivers/BSP/Components/asm330lhh/asm330lhh_reg.c:4685:9:asm330lhh_den_enable_set	32	static
../Drivers/BSP/Components/asm330lhh/asm330lhh_reg.c:4712:9:asm330lhh_den_enable_get	32	static
../Drivers/BSP/Components/asm330lhh/asm330lhh_reg.c:4751:9:asm330lhh_den_mark_axis_x_set	32	static
../Drivers/BSP/Components/asm330lhh/asm330lhh_reg.c:4777:9:asm330lhh_den_mark_axis_x_get	32	static
../Drivers/BSP/Components/asm330lhh/asm330lhh_reg.c:4797:9:asm330lhh_den_mark_axis_y_set	32	static
../Drivers/BSP/Components/asm330lhh/asm330lhh_reg.c:4823:9:asm330lhh_den_mark_axis_y_get	32	static
../Drivers/BSP/Components/asm330lhh/asm330lhh_reg.c:4843:9:asm330lhh_den_mark_axis_z_set	32	static
../Drivers/BSP/Components/asm330lhh/asm330lhh_reg.c:4869:9:asm330lhh_den_mark_axis_z_get	32	static
