COM3
2025-02-20 13:03:37.370417 b'9808 0\r\n'
2025-02-20 13:03:37.370417 b'Temperature [degC]:1077239296 0\r\n'
2025-02-20 13:03:37.394346 b'Acceleration [mg]:1504\t-3315\t-32754 1227761\r\n'
2025-02-20 13:03:37.421821 b'Angular rate [mdps]:256\td\tdf 4294967267\r\n'
2025-02-20 13:03:37.433601 b'Temperature [degC]:1077237504 0\r\n'
2025-02-20 13:03:37.433601 b'Temperature [degC]:1077237248 0\r\n'
2025-02-20 13:03:37.449529 b'Temperature [degC]:1077239552 0\r\n'
2025-02-20 13:03:37.481218 b'Acceleration [mg]:1504\t-3315\t-32752 19173541\r\n'
2025-02-20 13:03:37.497011 b'Angular rate [mdps]:256\td\tdf 4294967267\r\n'
2025-02-20 13:03:37.512917 b'Temperature [degC]:1077240832 0\r\n'
2025-02-20 13:03:37.512917 b'Temperature [degC]:1077241856 0\r\n'
2025-02-20 13:03:37.528619 b'Temperature [degC]:1077237760 0\r\n'
2025-02-20 13:03:37.560331 b'Acceleration [mg]:1506\t-3315\t-32752 19136624\r\n'
2025-02-20 13:03:37.575972 b'Angular rate [mdps]:256\td\tdf 4294967267\r\n'
2025-02-20 13:03:37.594704 b'Temperature [degC]:1077238528 0\r\n'
2025-02-20 13:03:37.594704 b'Temperature [degC]:1077240832 0\r\n'
2025-02-20 13:03:37.615385 b'Temperature [degC]:1077239808 0\r\n'
2025-02-20 13:03:37.625255 b'Acceleration [mg]:1506\t-3315\t-32752 19186727\r\n'
2025-02-20 13:03:37.657016 b'Angular rate [mdps]:256\td\tdf 4294967267\r\n'
2025-02-20 13:03:37.672667 b'Temperature [degC]:1077238528 0\r\n'
2025-02-20 13:03:37.672667 b'Temperature [degC]:1077239552 0\r\n'
2025-02-20 13:03:37.694740 b'Acceleration [mg]:1506\t-3315\t-32752 19195628\r\n'
2025-02-20 13:03:37.720495 b'Angular rate [mdps]:256\td\tdf 4294967267\r\n'
2025-02-20 13:03:37.720495 b'Temperature [degC]:1077240320 0\r\n'
2025-02-20 13:03:37.736433 b'Temperature [degC]:1077239808 0\r\n'
2025-02-20 13:03:37.752240 b'Temperature [degC]:1077240320 0\r\n'
2025-02-20 13:03:37.768144 b'Acceleration [mg]:1506\t-3315\t-32752 1243309\r\n'
2025-02-20 13:03:37.800070 b'Angular rate [mdps]:256\td\tdf 4294967267\r\n'
2025-02-20 13:03:37.804964 b'Temperature [degC]:1077238784 0\r\n'
2025-02-20 13:03:37.820717 b'Temperature [degC]:1077241344 0\r\n'
2025-02-20 13:03:37.836599 b'Temperature [degC]:1077240320 0\r\n'
2025-02-20 13:03:37.852254 b'Acceleration [mg]:1506\t-3315\t-32752 1246573\r\n'
2025-02-20 13:03:37.883624 b'Angular rate [mdps]:256\td\tdf 4294967267\r\n'
